[0m09:52:31.858639 [debug] [MainThread]: Sending event: {'category': 'dbt', 'action': 'invocation', 'label': 'start', 'context': [<snowplow_tracker.self_describing_json.SelfDescribingJson object at 0x7f7ea61e3580>, <snowplow_tracker.self_describing_json.SelfDescribingJson object at 0x7f7ea4f97a90>, <snowplow_tracker.self_describing_json.SelfDescribingJson object at 0x7f7ea4f97a30>]}


============================== 09:52:31.863974 | b7a76298-216f-443b-b2bc-aee6b809aaf9 ==============================
[0m09:52:31.863974 [info ] [MainThread]: Running with dbt=1.11.8
[0m09:52:31.864821 [debug] [MainThread]: running dbt with arguments {'partial_parse': 'True', 'printer_width': '80', 'log_format': 'default', 'version_check': 'True', 'no_print': 'None', 'log_cache_events': 'False', 'warn_error': 'None', 'indirect_selection': 'eager', 'log_path': 'logs', 'empty': 'None', 'write_json': 'True', 'use_colors': 'True', 'warn_error_options': 'WarnErrorOptionsV2(error=[], warn=[], silence=[])', 'debug': 'False', 'use_experimental_parser': 'False', 'invocation_command': 'dbt init', 'profiles_dir': '/home/edo-user/.dbt', 'send_anonymous_usage_stats': 'True', 'introspect': 'True', 'quiet': 'False', 'target_path': 'None', 'cache_selected_only': 'False', 'fail_fast': 'False', 'static_parser': 'True'}
[0m09:52:31.877028 [info ] [MainThread]: Creating dbt configuration folder at /home/edo-user/.dbt
[0m09:52:43.989570 [debug] [MainThread]: Starter project path: /home/edo-user/iceberg/sandbox/dbt-env/lib/python3.10/site-packages/dbt/include/starter_project
[0m09:52:43.993998 [info ] [MainThread]: 
Your new dbt project "dbt_crypto_analytics" was created!

For more information on how to configure the profiles.yml file,
please consult the dbt documentation here:

  https://docs.getdbt.com/docs/configure-your-profile

One more thing:

Need help? Don't hesitate to reach out to us via GitHub issues or on Slack:

  https://community.getdbt.com/

Happy modeling!

[0m09:52:43.994839 [info ] [MainThread]: Setting up your profile.
[0m09:52:46.793534 [info ] [MainThread]: No sample profile found for clickhouse.
[0m09:52:46.804893 [debug] [MainThread]: Resource report: {"command_name": "init", "command_success": true, "command_wall_clock_time": 15.040586, "process_in_blocks": "3368", "process_kernel_time": 0.220948, "process_mem_max_rss": "98084", "process_out_blocks": "72", "process_user_time": 2.02465}
[0m09:52:46.805912 [debug] [MainThread]: Command `dbt init` succeeded at 09:52:46.805601 after 15.04 seconds
[0m09:52:46.806542 [debug] [MainThread]: Sending event: {'category': 'dbt', 'action': 'invocation', 'label': 'end', 'context': [<snowplow_tracker.self_describing_json.SelfDescribingJson object at 0x7f7ea61e3580>, <snowplow_tracker.self_describing_json.SelfDescribingJson object at 0x7f7ea4e598a0>, <snowplow_tracker.self_describing_json.SelfDescribingJson object at 0x7f7ea4f97970>]}
[0m09:52:46.807182 [debug] [MainThread]: Flushing usage events
[0m09:52:47.595809 [debug] [MainThread]: An error was encountered while trying to flush usage events
